================================================================
== Design Size Report
================================================================

* C-Synthesis has not completed!

* Total Instructions per Compilation Phase
+---------------+-----------------------------+--------------+----------------------------------------------------------------------------------------+
| Phase         | Step                        | Instructions | Description                                                                            |
+---------------+-----------------------------+--------------+----------------------------------------------------------------------------------------+
| Compile/Link  |                             | 15,711       | After all functions are compiled and linked into a single design                       |
|               |                             |              |                                                                                        |
| Unroll/Inline |                             |              | After user unroll and inline pragmas are applied                                       |
|               | (1) unroll                  |  8,288       | user unroll pragmas are applied                                                        |
|               | (2) simplification          |  7,301       | simplification of applied user unroll pragmas                                          |
|               | (3) inline                  |  7,250       | user inline pragmas are applied                                                        |
|               | (4) simplification          |  7,093       | simplification of applied user inline pragmas                                          |
|               |                             |              |                                                                                        |
| Array/Struct  |                             |              | After user array partition and struct aggregate/disaggregate pragmas are applied       |
|               | (1) array partition         |  7,092       | user array partition pragmas are applied                                               |
|               | (2) simplification          |  7,092       | simplification of applied user array partition & struct aggregate/disaggregate pragmas |
|               | (3) aggregate/disaggregate  |  7,266       | user struct aggregate/disaggregate pragmas are applied                                 |
|               | (4) array reshape           |  7,282       | apply array reshape pragmas                                                            |
|               |                             |              |                                                                                        |
| Performance   |                             | pending      | After transformations are applied to meet performance pragma targets                   |
| HW Transforms |                             |              | After hardware transfomations                                                          |
+---------------+-----------------------------+--------------+----------------------------------------------------------------------------------------+

* Instructions per Function for each Compilation Phase
+--------------+-----------------------+--------------+---------------+--------------+
| Function     | Location              | Compile/Link | Unroll/Inline | Array/Struct |
+--------------+-----------------------+--------------+---------------+--------------+
|   do_compute | flood_HLS_base.cpp:25 | 15,711       | 7,093         | 7,282        |
+--------------+-----------------------+--------------+---------------+--------------+

* Design Size Message Settings
+---------------------------------------------+--------+------------------------------------------------------------------+
| Message Setting                             | Value  | Description                                                      |
+---------------------------------------------+--------+------------------------------------------------------------------+
| config_compile -design_size_maximum_warning | 100000 | Show a warning when total design instructions exceeds this value |
+---------------------------------------------+--------+------------------------------------------------------------------+


